throw new Error(
        ^

Error: DATABASE_URL must be set. Did you forget to provision a database?
    at file:///app/dist/index.js:1456:9
    at ModuleJob.run (node:internal/modules/esm/module_job:325:25)
    at async ModuleLoader.import (node:internal/modules/esm/loader:606:24)
    at async asyncRunEntryPointWithESMLoader (node:internal/modules/run_main:117:5)

Node.js v20.19.5

> rest-express@1.0.0 start
> NODE_ENV=production node dist/index.js

file:///app/dist/index.js:1456
  throw new Error(
        ^

Error: DATABASE_URL must be set. Did you forget to provision a database?
    at file:///app/dist/index.js:1456:9
    at ModuleJob.run (node:internal/modules/esm/module_job:325:25)
    at async ModuleLoader.import (node:internal/modules/esm/loader:606:24)

> rest-express@1.0.0 start
> NODE_ENV=production node dist/index.js


> rest-express@1.0.0 start
> NODE_ENV=production node dist/index.js


> rest-express@1.0.0 start
> NODE_ENV=production node dist/index.js


> rest-express@1.0.0 start
> NODE_ENV=production node dist/index.js


> rest-express@1.0.0 start
> NODE_ENV=production node dist/index.js

    at async asyncRunEntryPointWithESMLoader (node:internal/modules/run_main:117:5)

Node.js v20.19.5
file:///app/dist/index.js:1456
  throw new Error(
        ^

Error: DATABASE_URL must be set. Did you forget to provision a database?
    at file:///app/dist/index.js:1456:9
    at ModuleJob.run (node:internal/modules/esm/module_job:325:25)
    at async ModuleLoader.import (node:internal/modules/esm/loader:606:24)
    at async asyncRunEntryPointWithESMLoader (node:internal/modules/run_main:117:5)

Node.js v20.19.5
file:///app/dist/index.js:1456
  throw new Error(
        ^

Error: DATABASE_URL must be set. Did you forget to provision a database?
    at file:///app/dist/index.js:1456:9
    at ModuleJob.run (node:internal/modules/esm/module_job:325:25)
    at async ModuleLoader.import (node:internal/modules/esm/loader:606:24)
    at async asyncRunEntryPointWithESMLoader (node:internal/modules/run_main:117:5)

Node.js v20.19.5
file:///app/dist/index.js:1456
  throw new Error(
        ^

Error: DATABASE_URL must be set. Did you forget to provision a database?
    at file:///app/dist/index.js:1456:9
    at ModuleJob.run (node:internal/modules/esm/module_job:325:25)
    at async ModuleLoader.import (node:internal/modules/esm/loader:606:24)
    at async asyncRunEntryPointWithESMLoader (node:internal/modules/run_main:117:5)

Node.js v20.19.5
file:///app/dist/index.js:1456
  throw new Error(
        ^

Error: DATABASE_URL must be set. Did you forget to provision a database?
    at file:///app/dist/index.js:1456:9
    at ModuleJob.run (node:internal/modules/esm/module_job:325:25)
    at async ModuleLoader.import (node:internal/modules/esm/loader:606:24)
    at async asyncRunEntryPointWithESMLoader (node:internal/modules/run_main:117:5)

Node.js v20.19.5
file:///app/dist/index.js:1456
  throw new Error(
        ^

Error: DATABASE_URL must be set. Did you forget to provision a database?
    at file:///app/dist/index.js:1456:9
    at ModuleJob.run (node:internal/modules/esm/module_job:325:25)
    at async ModuleLoader.import (node:internal/modules/esm/loader:606:24)
    at async asyncRunEntryPointWithESMLoader (node:internal/modules/run_main:117:5)

Node.js v20.19.5